error: Empty structs are not allowed unless marked as #[ffi(opaque)] or #[ffi(service)].
 --> tests/proc/ty/empty_unit.rs:4:8
  |
4 | struct Foo;
  |        ^^^
